
> temp-app@0.1.0 build
> next build

   ▲ Next.js 16.0.6 (Turbopack)
   - Environments: .env.local

 ⚠ The "middleware" file convention is deprecated. Please use "proxy" instead. Learn more: https://nextjs.org/docs/messages/middleware-to-proxy
   Creating an optimized production build ...
 ✓ Compiled successfully in 22.1s
   Running TypeScript ...
   Collecting page data using 7 workers ...
   Generating static pages using 7 workers (0/38) ...
   Generating static pages using 7 workers (9/38) 
   Generating static pages using 7 workers (18/38) 
   Generating static pages using 7 workers (28/38) 
 ✓ Generating static pages using 7 workers (38/38) in 2.2s
   Finalizing page optimization ...

Route (app)
┌ ƒ /
├ ƒ /_not-found
├ ƒ /[slug]
├ ƒ /api/availability
├ ƒ /api/billing/portal
├ ƒ /api/booking
├ ƒ /api/booking/create
├ ƒ /api/checkout
├ ƒ /api/confirm-payment
├ ƒ /api/shop/checkout
├ ƒ /api/webhooks/stripe
├ ƒ /dashboard
├ ƒ /dashboard/appointments
├ ƒ /dashboard/availability
├ ƒ /dashboard/campaigns
├ ƒ /dashboard/clients
├ ƒ /dashboard/design
├ ƒ /dashboard/loyalty
├ ƒ /dashboard/marketing
├ ƒ /dashboard/plan
├ ƒ /dashboard/products
├ ƒ /dashboard/promotions
├ ƒ /dashboard/schedule
├ ƒ /dashboard/services
├ ƒ /dashboard/settings
├ ƒ /dashboard/site
├ ƒ /dashboard/team
├ ƒ /demo
├ ƒ /demo-products
├ ƒ /demo/[templateId]
├ ƒ /legal
├ ƒ /login
├ ƒ /register
├ ƒ /site/[slug]
├ ƒ /success
└ ƒ /wizard


ƒ Proxy (Middleware)

ƒ  (Dynamic)  server-rendered on demand

